Component: ARM Compiler 5.06 update 7 (build 960) Tool: armlink [4d3601]

==============================================================================

Section Cross References

    main.o(i.main) refers to misc.o(i.NVIC_PriorityGroupConfig) for NVIC_PriorityGroupConfig
    main.o(i.main) refers to gpio.o(i.EXTIX_Init) for EXTIX_Init
    main.o(i.main) refers to gpio.o(i.GPIO_init) for GPIO_init
    main.o(i.main) refers to lcd.o(i.Lcd_Init) for Lcd_Init
    main.o(i.main) refers to lcd.o(i.LCD_Clear) for LCD_Clear
    main.o(i.main) refers to lcd.o(i.LCD_ShowPicture) for LCD_ShowPicture
    main.o(i.main) refers to lcd.o(i.LCD_DrawRectangle) for LCD_DrawRectangle
    main.o(i.main) refers to lcd.o(i.LCD_ShowChinese32x32) for LCD_ShowChinese32x32
    main.o(i.main) refers to lcd.o(i.LCD_show_item) for LCD_show_item
    main.o(i.main) refers to smartcamera.o(i.SmartCamera_init) for SmartCamera_init
    main.o(i.main) refers to smartcamera.o(i.SmartCamera_reset) for SmartCamera_reset
    main.o(i.main) refers to delay.o(i.delay_ms) for delay_ms
    main.o(i.main) refers to gpio.o(i.GPIO_output) for GPIO_output
    main.o(i.main) refers to lcd.o(i.LCD_Show_ASCII) for LCD_Show_ASCII
    main.o(i.main) refers to handler.o(.data) for ui_id
    main.o(i.main) refers to main.o(.data) for LED_model
    cortexm3_driver.o(i.uart_SendString) refers to strlen.o(.text) for strlen
    cortexm3_driver.o(i.uart_SendString) refers to cortexm3_driver.o(i.uart_SendChar) for uart_SendChar
    handler.o(i.GPIOHandler) refers to delay.o(i.delay_ms) for delay_ms
    handler.o(i.GPIOHandler) refers to gpio.o(i.GPIO_input) for GPIO_input
    handler.o(i.GPIOHandler) refers to lcd.o(i.LCD_show_arrow) for LCD_show_arrow
    handler.o(i.GPIOHandler) refers to lcd.o(i.LCD_show_ui01) for LCD_show_ui01
    handler.o(i.GPIOHandler) refers to lcd.o(i.LCD_show_ui02) for LCD_show_ui02
    handler.o(i.GPIOHandler) refers to lcd.o(i.LCD_show_ui03) for LCD_show_ui03
    handler.o(i.GPIOHandler) refers to smartcamera.o(i.SmartCamera_reset) for SmartCamera_reset
    handler.o(i.GPIOHandler) refers to smartcamera.o(i.SmartCamera_send_SYN) for SmartCamera_send_SYN
    handler.o(i.GPIOHandler) refers to lcd.o(i.LCD_show_item) for LCD_show_item
    handler.o(i.GPIOHandler) refers to lcd.o(i.LCD_show_sys_set) for LCD_show_sys_set
    handler.o(i.GPIOHandler) refers to noretval__2printf.o(.text) for __2printf
    handler.o(i.GPIOHandler) refers to handler.o(.data) for ui_id
    handler.o(i.GPIOHandler) refers to main.o(.data) for LED_model
    handler.o(i.HardFaultHandler) refers to noretval__2printf.o(.text) for __2printf
    retarget.o(i._ttywrch) refers to cortexm3_driver.o(i.uart_SendChar) for uart_SendChar
    retarget.o(i.fgetc) refers to cortexm3_driver.o(i.uart_ReceiveChar) for uart_ReceiveChar
    retarget.o(i.fgetc) refers to cortexm3_driver.o(i.uart_SendChar) for uart_SendChar
    retarget.o(i.fputc) refers to cortexm3_driver.o(i.uart_SendChar) for uart_SendChar
    system.o(i.SystemCoreClockUpdate) refers to system.o(.data) for SystemCoreClock
    system.o(i.SystemInit) refers to cortexm3_driver.o(i.uart_init) for uart_init
    system.o(i.SystemInit) refers to system.o(.data) for SystemCoreClock
    startup_cm3ds.o(STACK) refers (Special) to heapauxi.o(.text) for __use_two_region_memory
    startup_cm3ds.o(HEAP) refers (Special) to heapauxi.o(.text) for __use_two_region_memory
    startup_cm3ds.o(RESET) refers (Special) to heapauxi.o(.text) for __use_two_region_memory
    startup_cm3ds.o(RESET) refers to startup_cm3ds.o(STACK) for __initial_sp
    startup_cm3ds.o(RESET) refers to startup_cm3ds.o(.text) for Reset_Handler
    startup_cm3ds.o(.text) refers (Special) to heapauxi.o(.text) for __use_two_region_memory
    startup_cm3ds.o(.text) refers to handler.o(i.NMIHandler) for NMIHandler
    startup_cm3ds.o(.text) refers to handler.o(i.HardFaultHandler) for HardFaultHandler
    startup_cm3ds.o(.text) refers to handler.o(i.MemManageHandler) for MemManageHandler
    startup_cm3ds.o(.text) refers to handler.o(i.BusFaultHandler) for BusFaultHandler
    startup_cm3ds.o(.text) refers to handler.o(i.UsageFaultHandler) for UsageFaultHandler
    startup_cm3ds.o(.text) refers to handler.o(i.SVCHandler) for SVCHandler
    startup_cm3ds.o(.text) refers to handler.o(i.DebugMonHandler) for DebugMonHandler
    startup_cm3ds.o(.text) refers to handler.o(i.PendSVHandler) for PendSVHandler
    startup_cm3ds.o(.text) refers to handler.o(i.SysTickHandler) for SysTickHandler
    startup_cm3ds.o(.text) refers to handler.o(i.UARTRXHandler) for UARTRXHandler
    startup_cm3ds.o(.text) refers to handler.o(i.UARTTXHandler) for UARTTXHandler
    startup_cm3ds.o(.text) refers to handler.o(i.UARTOVRHandler) for UARTOVRHandler
    startup_cm3ds.o(.text) refers to handler.o(i.GPIOHandler) for GPIOHandler
    startup_cm3ds.o(.text) refers to system.o(i.SystemInit) for SystemInit
    startup_cm3ds.o(.text) refers to main.o(i.main) for main
    startup_cm3ds.o(.text) refers to startup_cm3ds.o(HEAP) for Heap_Mem
    startup_cm3ds.o(.text) refers to startup_cm3ds.o(STACK) for Stack_Mem
    gpio.o(i.EXTIX_Init) refers to misc.o(i.NVIC_Init) for NVIC_Init
    delay.o(i.delay_ms) refers to delay.o(i.delay) for delay
    lcd.o(i.LCD_Address_Set) refers to lcd.o(i.LCD_WR_REG) for LCD_WR_REG
    lcd.o(i.LCD_Address_Set) refers to lcd.o(i.LCD_WR_DATA8) for LCD_WR_DATA8
    lcd.o(i.LCD_Clear) refers to lcd.o(i.LCD_Address_Set) for LCD_Address_Set
    lcd.o(i.LCD_Clear) refers to lcd.o(i.LCD_WR_DATA) for LCD_WR_DATA
    lcd.o(i.LCD_DrawLine) refers to lcd.o(i.LCD_DrawPoint) for LCD_DrawPoint
    lcd.o(i.LCD_DrawPoint) refers to lcd.o(i.LCD_Address_Set) for LCD_Address_Set
    lcd.o(i.LCD_DrawPoint) refers to lcd.o(i.LCD_WR_DATA) for LCD_WR_DATA
    lcd.o(i.LCD_DrawRectangle) refers to lcd.o(i.LCD_DrawLine) for LCD_DrawLine
    lcd.o(i.LCD_Fill) refers to lcd.o(i.LCD_Address_Set) for LCD_Address_Set
    lcd.o(i.LCD_Fill) refers to lcd.o(i.LCD_WR_DATA) for LCD_WR_DATA
    lcd.o(i.LCD_ShowChinese32x32) refers to lcd.o(i.LCD_Address_Set) for LCD_Address_Set
    lcd.o(i.LCD_ShowChinese32x32) refers to lcd.o(i.LCD_WR_DATA) for LCD_WR_DATA
    lcd.o(i.LCD_ShowChinese32x32) refers to lcd.o(.constdata) for Hzk24
    lcd.o(i.LCD_ShowPicture) refers to lcd.o(i.LCD_Address_Set) for LCD_Address_Set
    lcd.o(i.LCD_ShowPicture) refers to lcd.o(i.LCD_WR_DATA8) for LCD_WR_DATA8
    lcd.o(i.LCD_ShowPicture) refers to lcd.o(.constdata) for gImage_78
    lcd.o(i.LCD_Show_ASCII) refers to lcd.o(i.LCD_Address_Set) for LCD_Address_Set
    lcd.o(i.LCD_Show_ASCII) refers to lcd.o(i.LCD_WR_DATA) for LCD_WR_DATA
    lcd.o(i.LCD_Show_ASCII) refers to lcd.o(.constdata) for ASCII_num
    lcd.o(i.LCD_WR_DATA) refers to gpio.o(i.GPIO_output) for GPIO_output
    lcd.o(i.LCD_WR_DATA) refers to lcd.o(i.LCD_Writ_Bus) for LCD_Writ_Bus
    lcd.o(i.LCD_WR_DATA8) refers to gpio.o(i.GPIO_output) for GPIO_output
    lcd.o(i.LCD_WR_DATA8) refers to lcd.o(i.LCD_Writ_Bus) for LCD_Writ_Bus
    lcd.o(i.LCD_WR_REG) refers to gpio.o(i.GPIO_output) for GPIO_output
    lcd.o(i.LCD_WR_REG) refers to lcd.o(i.LCD_Writ_Bus) for LCD_Writ_Bus
    lcd.o(i.LCD_Writ_Bus) refers to gpio.o(i.GPIO_output) for GPIO_output
    lcd.o(i.LCD_clear_item) refers to lcd.o(i.LCD_Show_ASCII) for LCD_Show_ASCII
    lcd.o(i.LCD_show_arrow) refers to lcd.o(i.LCD_Show_ASCII) for LCD_Show_ASCII
    lcd.o(i.LCD_show_arrow) refers to handler.o(.data) for arrow
    lcd.o(i.LCD_show_item) refers to lcd.o(i.LCD_clear_item) for LCD_clear_item
    lcd.o(i.LCD_show_item) refers to lcd.o(i.LCD_show_arrow) for LCD_show_arrow
    lcd.o(i.LCD_show_item) refers to lcd.o(i.LCD_Show_ASCII) for LCD_Show_ASCII
    lcd.o(i.LCD_show_item) refers to handler.o(.data) for ui_id
    lcd.o(i.LCD_show_sys_set) refers to smartcamera.o(i.SmartCamera_get_info) for SmartCamera_get_info
    lcd.o(i.LCD_show_sys_set) refers to lcd.o(i.LCD_Show_ASCII) for LCD_Show_ASCII
    lcd.o(i.LCD_show_ui01) refers to lcd.o(i.LCD_clear_item) for LCD_clear_item
    lcd.o(i.LCD_show_ui01) refers to lcd.o(i.LCD_show_arrow) for LCD_show_arrow
    lcd.o(i.LCD_show_ui01) refers to lcd.o(i.LCD_Show_ASCII) for LCD_Show_ASCII
    lcd.o(i.LCD_show_ui01) refers to handler.o(.data) for ui_id
    lcd.o(i.LCD_show_ui02) refers to lcd.o(i.LCD_clear_item) for LCD_clear_item
    lcd.o(i.LCD_show_ui02) refers to lcd.o(i.LCD_show_arrow) for LCD_show_arrow
    lcd.o(i.LCD_show_ui02) refers to lcd.o(i.LCD_Show_ASCII) for LCD_Show_ASCII
    lcd.o(i.LCD_show_ui02) refers to lcd.o(i.LCD_show_sys_set) for LCD_show_sys_set
    lcd.o(i.LCD_show_ui02) refers to handler.o(.data) for ui_id
    lcd.o(i.LCD_show_ui03) refers to lcd.o(i.LCD_clear_item) for LCD_clear_item
    lcd.o(i.LCD_show_ui03) refers to lcd.o(i.LCD_Show_ASCII) for LCD_Show_ASCII
    lcd.o(i.LCD_show_ui03) refers to handler.o(.data) for ui_id
    lcd.o(i.Lcd_Init) refers to gpio.o(i.GPIO_output) for GPIO_output
    lcd.o(i.Lcd_Init) refers to delay.o(i.delay_ms) for delay_ms
    lcd.o(i.Lcd_Init) refers to lcd.o(i.LCD_WR_REG) for LCD_WR_REG
    lcd.o(i.Lcd_Init) refers to lcd.o(i.LCD_WR_DATA8) for LCD_WR_DATA8
    lcd.o(i.Lcd_Init) refers to lcd.o(i.LCD_Address_Set) for LCD_Address_Set
    __2printf.o(.text) refers to _printf_char_file.o(.text) for _printf_char_file
    __2printf.o(.text) refers to retarget.o(.data) for __stdout
    noretval__2printf.o(.text) refers to _printf_char_file.o(.text) for _printf_char_file
    noretval__2printf.o(.text) refers to retarget.o(.data) for __stdout
    __main.o(!!!main) refers to __rtentry.o(.ARM.Collect$$rtentry$$00000000) for __rt_entry
    __rtentry.o(.ARM.Collect$$rtentry$$00000000) refers (Special) to __rtentry2.o(.ARM.Collect$$rtentry$$0000000A) for __rt_entry_li
    __rtentry.o(.ARM.Collect$$rtentry$$00000000) refers (Special) to __rtentry2.o(.ARM.Collect$$rtentry$$0000000D) for __rt_entry_main
    __rtentry.o(.ARM.Collect$$rtentry$$00000000) refers (Special) to __rtentry2.o(.ARM.Collect$$rtentry$$0000000C) for __rt_entry_postli_1
    __rtentry.o(.ARM.Collect$$rtentry$$00000000) refers (Special) to __rtentry2.o(.ARM.Collect$$rtentry$$00000009) for __rt_entry_postsh_1
    __rtentry.o(.ARM.Collect$$rtentry$$00000000) refers (Special) to __rtentry2.o(.ARM.Collect$$rtentry$$00000002) for __rt_entry_presh_1
    __rtentry.o(.ARM.Collect$$rtentry$$00000000) refers (Special) to __rtentry4.o(.ARM.Collect$$rtentry$$00000004) for __rt_entry_sh
    _printf_char_file.o(.text) refers to _printf_char_common.o(.text) for _printf_char_common
    _printf_char_file.o(.text) refers to retarget.o(i.ferror) for ferror
    _printf_char_file.o(.text) refers to retarget.o(i.fputc) for fputc
    __rtentry2.o(.ARM.Collect$$rtentry$$00000008) refers to boardinit2.o(.text) for _platform_post_stackheap_init
    __rtentry2.o(.ARM.Collect$$rtentry$$0000000A) refers to libinit.o(.ARM.Collect$$libinit$$00000000) for __rt_lib_init
    __rtentry2.o(.ARM.Collect$$rtentry$$0000000B) refers to boardinit3.o(.text) for _platform_post_lib_init
    __rtentry2.o(.ARM.Collect$$rtentry$$0000000D) refers to main.o(i.main) for main
    __rtentry2.o(.ARM.Collect$$rtentry$$0000000D) refers to exit.o(.text) for exit
    __rtentry2.o(.ARM.exidx) refers to __rtentry2.o(.ARM.Collect$$rtentry$$00000001) for .ARM.Collect$$rtentry$$00000001
    __rtentry2.o(.ARM.exidx) refers to __rtentry2.o(.ARM.Collect$$rtentry$$00000008) for .ARM.Collect$$rtentry$$00000008
    __rtentry2.o(.ARM.exidx) refers to __rtentry2.o(.ARM.Collect$$rtentry$$0000000A) for .ARM.Collect$$rtentry$$0000000A
    __rtentry2.o(.ARM.exidx) refers to __rtentry2.o(.ARM.Collect$$rtentry$$0000000B) for .ARM.Collect$$rtentry$$0000000B
    __rtentry2.o(.ARM.exidx) refers to __rtentry2.o(.ARM.Collect$$rtentry$$0000000D) for .ARM.Collect$$rtentry$$0000000D
    __rtentry4.o(.ARM.Collect$$rtentry$$00000004) refers to sys_stackheap_outer.o(.text) for __user_setup_stackheap
    __rtentry4.o(.ARM.exidx) refers to __rtentry4.o(.ARM.Collect$$rtentry$$00000004) for .ARM.Collect$$rtentry$$00000004
    _printf_char_common.o(.text) refers to __printf_nopercent.o(.text) for __printf
    sys_stackheap_outer.o(.text) refers to libspace.o(.text) for __user_perproc_libspace
    sys_stackheap_outer.o(.text) refers to startup_cm3ds.o(.text) for __user_initial_stackheap
    exit.o(.text) refers to rtexit.o(.ARM.Collect$$rtexit$$00000000) for __rt_exit
    libinit.o(.ARM.Collect$$libinit$$00000000) refers (Special) to libinit2.o(.ARM.Collect$$libinit$$0000002E) for __rt_lib_init_alloca_1
    libinit.o(.ARM.Collect$$libinit$$00000000) refers (Special) to libinit2.o(.ARM.Collect$$libinit$$0000002C) for __rt_lib_init_argv_1
    libinit.o(.ARM.Collect$$libinit$$00000000) refers (Special) to libinit2.o(.ARM.Collect$$libinit$$0000001B) for __rt_lib_init_atexit_1
    libinit.o(.ARM.Collect$$libinit$$00000000) refers (Special) to libinit2.o(.ARM.Collect$$libinit$$00000021) for __rt_lib_init_clock_1
    libinit.o(.ARM.Collect$$libinit$$00000000) refers (Special) to libinit2.o(.ARM.Collect$$libinit$$00000032) for __rt_lib_init_cpp_1
    libinit.o(.ARM.Collect$$libinit$$00000000) refers (Special) to libinit2.o(.ARM.Collect$$libinit$$00000030) for __rt_lib_init_exceptions_1
    libinit.o(.ARM.Collect$$libinit$$00000000) refers (Special) to libinit2.o(.ARM.Collect$$libinit$$00000002) for __rt_lib_init_fp_1
    libinit.o(.ARM.Collect$$libinit$$00000000) refers (Special) to libinit2.o(.ARM.Collect$$libinit$$0000001F) for __rt_lib_init_fp_trap_1
    libinit.o(.ARM.Collect$$libinit$$00000000) refers (Special) to libinit2.o(.ARM.Collect$$libinit$$00000023) for __rt_lib_init_getenv_1
    libinit.o(.ARM.Collect$$libinit$$00000000) refers (Special) to libinit2.o(.ARM.Collect$$libinit$$0000000A) for __rt_lib_init_heap_1
    libinit.o(.ARM.Collect$$libinit$$00000000) refers (Special) to libinit2.o(.ARM.Collect$$libinit$$00000011) for __rt_lib_init_lc_collate_1
    libinit.o(.ARM.Collect$$libinit$$00000000) refers (Special) to libinit2.o(.ARM.Collect$$libinit$$00000013) for __rt_lib_init_lc_ctype_1
    libinit.o(.ARM.Collect$$libinit$$00000000) refers (Special) to libinit2.o(.ARM.Collect$$libinit$$00000015) for __rt_lib_init_lc_monetary_1
    libinit.o(.ARM.Collect$$libinit$$00000000) refers (Special) to libinit2.o(.ARM.Collect$$libinit$$00000017) for __rt_lib_init_lc_numeric_1
    libinit.o(.ARM.Collect$$libinit$$00000000) refers (Special) to libinit2.o(.ARM.Collect$$libinit$$00000019) for __rt_lib_init_lc_time_1
    libinit.o(.ARM.Collect$$libinit$$00000000) refers (Special) to libinit2.o(.ARM.Collect$$libinit$$00000004) for __rt_lib_init_preinit_1
    libinit.o(.ARM.Collect$$libinit$$00000000) refers (Special) to libinit2.o(.ARM.Collect$$libinit$$0000000E) for __rt_lib_init_rand_1
    libinit.o(.ARM.Collect$$libinit$$00000000) refers (Special) to libinit2.o(.ARM.Collect$$libinit$$00000033) for __rt_lib_init_return
    libinit.o(.ARM.Collect$$libinit$$00000000) refers (Special) to libinit2.o(.ARM.Collect$$libinit$$0000001D) for __rt_lib_init_signal_1
    libinit.o(.ARM.Collect$$libinit$$00000000) refers (Special) to libinit2.o(.ARM.Collect$$libinit$$00000025) for __rt_lib_init_stdio_1
    libinit.o(.ARM.Collect$$libinit$$00000000) refers (Special) to libinit2.o(.ARM.Collect$$libinit$$0000000C) for __rt_lib_init_user_alloc_1
    libspace.o(.text) refers to libspace.o(.bss) for __libspace_start
    rtexit.o(.ARM.Collect$$rtexit$$00000000) refers (Special) to rtexit2.o(.ARM.Collect$$rtexit$$00000004) for __rt_exit_exit
    rtexit.o(.ARM.Collect$$rtexit$$00000000) refers (Special) to rtexit2.o(.ARM.Collect$$rtexit$$00000003) for __rt_exit_ls
    rtexit.o(.ARM.Collect$$rtexit$$00000000) refers (Special) to rtexit2.o(.ARM.Collect$$rtexit$$00000002) for __rt_exit_prels_1
    rtexit.o(.ARM.exidx) refers (Special) to rtexit2.o(.ARM.Collect$$rtexit$$00000004) for __rt_exit_exit
    rtexit.o(.ARM.exidx) refers (Special) to rtexit2.o(.ARM.Collect$$rtexit$$00000003) for __rt_exit_ls
    rtexit.o(.ARM.exidx) refers (Special) to rtexit2.o(.ARM.Collect$$rtexit$$00000002) for __rt_exit_prels_1
    rtexit.o(.ARM.exidx) refers to rtexit.o(.ARM.Collect$$rtexit$$00000000) for .ARM.Collect$$rtexit$$00000000
    libinit2.o(.ARM.Collect$$libinit$$00000010) refers to libinit2.o(.ARM.Collect$$libinit$$0000000F) for .ARM.Collect$$libinit$$0000000F
    libinit2.o(.ARM.Collect$$libinit$$00000012) refers to libinit2.o(.ARM.Collect$$libinit$$0000000F) for .ARM.Collect$$libinit$$0000000F
    libinit2.o(.ARM.Collect$$libinit$$00000014) refers to libinit2.o(.ARM.Collect$$libinit$$0000000F) for .ARM.Collect$$libinit$$0000000F
    libinit2.o(.ARM.Collect$$libinit$$00000016) refers to libinit2.o(.ARM.Collect$$libinit$$0000000F) for .ARM.Collect$$libinit$$0000000F
    libinit2.o(.ARM.Collect$$libinit$$00000018) refers to libinit2.o(.ARM.Collect$$libinit$$0000000F) for .ARM.Collect$$libinit$$0000000F
    libinit2.o(.ARM.Collect$$libinit$$00000026) refers to argv_veneer.o(.emb_text) for __ARM_argv_veneer
    libinit2.o(.ARM.Collect$$libinit$$00000027) refers to argv_veneer.o(.emb_text) for __ARM_argv_veneer
    rtexit2.o(.ARM.Collect$$rtexit$$00000003) refers to libshutdown.o(.ARM.Collect$$libshutdown$$00000000) for __rt_lib_shutdown
    rtexit2.o(.ARM.Collect$$rtexit$$00000004) refers to retarget.o(i._sys_exit) for _sys_exit
    rtexit2.o(.ARM.exidx) refers to rtexit2.o(.ARM.Collect$$rtexit$$00000001) for .ARM.Collect$$rtexit$$00000001
    rtexit2.o(.ARM.exidx) refers to rtexit2.o(.ARM.Collect$$rtexit$$00000003) for .ARM.Collect$$rtexit$$00000003
    rtexit2.o(.ARM.exidx) refers to rtexit2.o(.ARM.Collect$$rtexit$$00000004) for .ARM.Collect$$rtexit$$00000004
    argv_veneer.o(.emb_text) refers to no_argv.o(.text) for __ARM_get_argv
    _get_argv_nomalloc.o(.text) refers (Special) to hrguard.o(.text) for __heap_region$guard
    _get_argv_nomalloc.o(.text) refers to defsig_rtmem_outer.o(.text) for __rt_SIGRTMEM
    _get_argv_nomalloc.o(.text) refers to sys_command.o(.text) for _sys_command_string
    libshutdown.o(.ARM.Collect$$libshutdown$$00000000) refers (Special) to libshutdown2.o(.ARM.Collect$$libshutdown$$00000004) for __rt_lib_shutdown_cpp_1
    libshutdown.o(.ARM.Collect$$libshutdown$$00000000) refers (Special) to libshutdown2.o(.ARM.Collect$$libshutdown$$00000002) for __rt_lib_shutdown_fini_1
    libshutdown.o(.ARM.Collect$$libshutdown$$00000000) refers (Special) to libshutdown2.o(.ARM.Collect$$libshutdown$$00000009) for __rt_lib_shutdown_fp_trap_1
    libshutdown.o(.ARM.Collect$$libshutdown$$00000000) refers (Special) to libshutdown2.o(.ARM.Collect$$libshutdown$$00000011) for __rt_lib_shutdown_heap_1
    libshutdown.o(.ARM.Collect$$libshutdown$$00000000) refers (Special) to libshutdown2.o(.ARM.Collect$$libshutdown$$00000012) for __rt_lib_shutdown_return
    libshutdown.o(.ARM.Collect$$libshutdown$$00000000) refers (Special) to libshutdown2.o(.ARM.Collect$$libshutdown$$0000000C) for __rt_lib_shutdown_signal_1
    libshutdown.o(.ARM.Collect$$libshutdown$$00000000) refers (Special) to libshutdown2.o(.ARM.Collect$$libshutdown$$00000006) for __rt_lib_shutdown_stdio_1
    libshutdown.o(.ARM.Collect$$libshutdown$$00000000) refers (Special) to libshutdown2.o(.ARM.Collect$$libshutdown$$0000000E) for __rt_lib_shutdown_user_alloc_1
    sys_command.o(.text) refers (Special) to use_no_semi.o(.text) for __I$use$semihosting
    sys_command.o(.text) refers (Special) to indicate_semi.o(.text) for __semihosting_library_function
    defsig_rtmem_outer.o(.text) refers to defsig_rtmem_inner.o(.text) for __rt_SIGRTMEM_inner
    defsig_rtmem_outer.o(.text) refers to defsig_exit.o(.text) for __sig_exit
    defsig_rtmem_formal.o(.text) refers to rt_raise.o(.text) for __rt_raise
    rt_raise.o(.text) refers to __raise.o(.text) for __raise
    rt_raise.o(.text) refers to retarget.o(i._sys_exit) for _sys_exit
    defsig_exit.o(.text) refers to retarget.o(i._sys_exit) for _sys_exit
    defsig_rtmem_inner.o(.text) refers to defsig_general.o(.text) for __default_signal_display
    __raise.o(.text) refers to defsig.o(CL$$defsig) for __default_signal_handler
    defsig_general.o(.text) refers to retarget.o(i._ttywrch) for _ttywrch
    defsig.o(CL$$defsig) refers to defsig_rtmem_inner.o(.text) for __rt_SIGRTMEM_inner
    defsig_abrt_inner.o(.text) refers to defsig_general.o(.text) for __default_signal_display
    defsig_fpe_inner.o(.text) refers to defsig_general.o(.text) for __default_signal_display
    defsig_rtred_inner.o(.text) refers to defsig_general.o(.text) for __default_signal_display
    defsig_stak_inner.o(.text) refers to defsig_general.o(.text) for __default_signal_display
    defsig_pvfn_inner.o(.text) refers to defsig_general.o(.text) for __default_signal_display
    defsig_cppl_inner.o(.text) refers to defsig_general.o(.text) for __default_signal_display
    defsig_segv_inner.o(.text) refers to defsig_general.o(.text) for __default_signal_display
    defsig_other.o(.text) refers to defsig_general.o(.text) for __default_signal_display


==============================================================================

Image Symbol Table

    Local Symbols

    Symbol Name                              Value     Ov Type        Size  Object(Section)

    RESET                                    0x00000000   Section       80  startup_cm3ds.o(RESET)
    ../clib/angel/boardlib.s                 0x00000000   Number         0  boardinit1.o ABSOLUTE
    ../clib/angel/boardlib.s                 0x00000000   Number         0  boardinit2.o ABSOLUTE
    ../clib/angel/boardlib.s                 0x00000000   Number         0  boardinit3.o ABSOLUTE
    ../clib/angel/boardlib.s                 0x00000000   Number         0  boardshut.o ABSOLUTE
    ../clib/angel/handlers.s                 0x00000000   Number         0  __scatter_copy.o ABSOLUTE
    ../clib/angel/handlers.s                 0x00000000   Number         0  __scatter_zi.o ABSOLUTE
    ../clib/angel/kernel.s                   0x00000000   Number         0  __rtentry4.o ABSOLUTE
    ../clib/angel/kernel.s                   0x00000000   Number         0  __rtentry2.o ABSOLUTE
    ../clib/angel/kernel.s                   0x00000000   Number         0  __rtentry.o ABSOLUTE
    ../clib/angel/kernel.s                   0x00000000   Number         0  rtexit2.o ABSOLUTE
    ../clib/angel/kernel.s                   0x00000000   Number         0  rtexit.o ABSOLUTE
    ../clib/angel/rt.s                       0x00000000   Number         0  rt_raise.o ABSOLUTE
    ../clib/angel/scatter.s                  0x00000000   Number         0  __scatter.o ABSOLUTE
    ../clib/angel/startup.s                  0x00000000   Number         0  __main.o ABSOLUTE
    ../clib/angel/sys.s                      0x00000000   Number         0  indicate_semi.o ABSOLUTE
    ../clib/angel/sys.s                      0x00000000   Number         0  use_no_semi.o ABSOLUTE
    ../clib/angel/sys.s                      0x00000000   Number         0  sys_stackheap_outer.o ABSOLUTE
    ../clib/angel/sys.s                      0x00000000   Number         0  libspace.o ABSOLUTE
    ../clib/angel/sysapp.c                   0x00000000   Number         0  sys_command.o ABSOLUTE
    ../clib/armsys.c                         0x00000000   Number         0  argv_veneer.o ABSOLUTE
    ../clib/armsys.c                         0x00000000   Number         0  argv_veneer.o ABSOLUTE
    ../clib/armsys.c                         0x00000000   Number         0  _get_argv_nomalloc.o ABSOLUTE
    ../clib/armsys.c                         0x00000000   Number         0  no_argv.o ABSOLUTE
    ../clib/heapalloc.c                      0x00000000   Number         0  hrguard.o ABSOLUTE
    ../clib/heapaux.c                        0x00000000   Number         0  heapauxi.o ABSOLUTE
    ../clib/libinit.s                        0x00000000   Number         0  libinit.o ABSOLUTE
    ../clib/libinit.s                        0x00000000   Number         0  libshutdown2.o ABSOLUTE
    ../clib/libinit.s                        0x00000000   Number         0  libinit2.o ABSOLUTE
    ../clib/libinit.s                        0x00000000   Number         0  libshutdown.o ABSOLUTE
    ../clib/printf.c                         0x00000000   Number         0  __2printf.o ABSOLUTE
    ../clib/printf.c                         0x00000000   Number         0  __printf_nopercent.o ABSOLUTE
    ../clib/printf.c                         0x00000000   Number         0  noretval__2printf.o ABSOLUTE
    ../clib/printf.c                         0x00000000   Number         0  _printf_char_common.o ABSOLUTE
    ../clib/printf.c                         0x00000000   Number         0  _printf_char_file.o ABSOLUTE
    ../clib/signal.c                         0x00000000   Number         0  defsig_other.o ABSOLUTE
    ../clib/signal.c                         0x00000000   Number         0  defsig_rtmem_formal.o ABSOLUTE
    ../clib/signal.c                         0x00000000   Number         0  defsig_rtmem_outer.o ABSOLUTE
    ../clib/signal.c                         0x00000000   Number         0  defsig_fpe_inner.o ABSOLUTE
    ../clib/signal.c                         0x00000000   Number         0  defsig_exit.o ABSOLUTE
    ../clib/signal.c                         0x00000000   Number         0  defsig_rtmem_inner.o ABSOLUTE
    ../clib/signal.c                         0x00000000   Number         0  __raise.o ABSOLUTE
    ../clib/signal.c                         0x00000000   Number         0  defsig_general.o ABSOLUTE
    ../clib/signal.c                         0x00000000   Number         0  defsig_abrt_inner.o ABSOLUTE
    ../clib/signal.c                         0x00000000   Number         0  defsig_cppl_inner.o ABSOLUTE
    ../clib/signal.c                         0x00000000   Number         0  defsig_rtred_inner.o ABSOLUTE
    ../clib/signal.c                         0x00000000   Number         0  defsig_stak_inner.o ABSOLUTE
    ../clib/signal.c                         0x00000000   Number         0  defsig_pvfn_inner.o ABSOLUTE
    ../clib/signal.c                         0x00000000   Number         0  defsig_segv_inner.o ABSOLUTE
    ../clib/signal.s                         0x00000000   Number         0  defsig.o ABSOLUTE
    ../clib/stdlib.c                         0x00000000   Number         0  exit.o ABSOLUTE
    ../clib/string.c                         0x00000000   Number         0  strlen.o ABSOLUTE
    ../fplib/fpinit.s                        0x00000000   Number         0  fpinit.o ABSOLUTE
    dc.s                                     0x00000000   Number         0  dc.o ABSOLUTE
    src\CortexM3_driver.c                    0x00000000   Number         0  cortexm3_driver.o ABSOLUTE
    src\GPIO.c                               0x00000000   Number         0  gpio.o ABSOLUTE
    src\Retarget.c                           0x00000000   Number         0  retarget.o ABSOLUTE
    src\SmartCamera.c                        0x00000000   Number         0  smartcamera.o ABSOLUTE
    src\\CortexM3_driver.c                   0x00000000   Number         0  cortexm3_driver.o ABSOLUTE
    src\\GPIO.c                              0x00000000   Number         0  gpio.o ABSOLUTE
    src\\Retarget.c                          0x00000000   Number         0  retarget.o ABSOLUTE
    src\\SmartCamera.c                       0x00000000   Number         0  smartcamera.o ABSOLUTE
    src\\handler.c                           0x00000000   Number         0  handler.o ABSOLUTE
    src\\main.c                              0x00000000   Number         0  main.o ABSOLUTE
    src\\misc.c                              0x00000000   Number         0  misc.o ABSOLUTE
    src\\system.c                            0x00000000   Number         0  system.o ABSOLUTE
    src\delay.c                              0x00000000   Number         0  delay.o ABSOLUTE
    src\handler.c                            0x00000000   Number         0  handler.o ABSOLUTE
    src\lcd.c                                0x00000000   Number         0  lcd.o ABSOLUTE
    src\main.c                               0x00000000   Number         0  main.o ABSOLUTE
    src\misc.c                               0x00000000   Number         0  misc.o ABSOLUTE
    src\startup_CM3DS.s                      0x00000000   Number         0  startup_cm3ds.o ABSOLUTE
    src\system.c                             0x00000000   Number         0  system.o ABSOLUTE
    !!!main                                  0x00000050   Section        8  __main.o(!!!main)
    !!!scatter                               0x00000058   Section       52  __scatter.o(!!!scatter)
    !!handler_copy                           0x0000008c   Section       26  __scatter_copy.o(!!handler_copy)
    !!handler_zi                             0x000000a8   Section       28  __scatter_zi.o(!!handler_zi)
    .ARM.Collect$$libinit$$00000000          0x000000c4   Section        2  libinit.o(.ARM.Collect$$libinit$$00000000)
    .ARM.Collect$$libinit$$00000002          0x000000c6   Section        0  libinit2.o(.ARM.Collect$$libinit$$00000002)
    .ARM.Collect$$libinit$$00000004          0x000000c6   Section        0  libinit2.o(.ARM.Collect$$libinit$$00000004)
    .ARM.Collect$$libinit$$0000000A          0x000000c6   Section        0  libinit2.o(.ARM.Collect$$libinit$$0000000A)
    .ARM.Collect$$libinit$$0000000C          0x000000c6   Section        0  libinit2.o(.ARM.Collect$$libinit$$0000000C)
    .ARM.Collect$$libinit$$0000000E          0x000000c6   Section        0  libinit2.o(.ARM.Collect$$libinit$$0000000E)
    .ARM.Collect$$libinit$$00000011          0x000000c6   Section        0  libinit2.o(.ARM.Collect$$libinit$$00000011)
    .ARM.Collect$$libinit$$00000013          0x000000c6   Section        0  libinit2.o(.ARM.Collect$$libinit$$00000013)
    .ARM.Collect$$libinit$$00000015          0x000000c6   Section        0  libinit2.o(.ARM.Collect$$libinit$$00000015)
    .ARM.Collect$$libinit$$00000017          0x000000c6   Section        0  libinit2.o(.ARM.Collect$$libinit$$00000017)
    .ARM.Collect$$libinit$$00000019          0x000000c6   Section        0  libinit2.o(.ARM.Collect$$libinit$$00000019)
    .ARM.Collect$$libinit$$0000001B          0x000000c6   Section        0  libinit2.o(.ARM.Collect$$libinit$$0000001B)
    .ARM.Collect$$libinit$$0000001D          0x000000c6   Section        0  libinit2.o(.ARM.Collect$$libinit$$0000001D)
    .ARM.Collect$$libinit$$0000001F          0x000000c6   Section        0  libinit2.o(.ARM.Collect$$libinit$$0000001F)
    .ARM.Collect$$libinit$$00000021          0x000000c6   Section        0  libinit2.o(.ARM.Collect$$libinit$$00000021)
    .ARM.Collect$$libinit$$00000023          0x000000c6   Section        0  libinit2.o(.ARM.Collect$$libinit$$00000023)
    .ARM.Collect$$libinit$$00000025          0x000000c6   Section        0  libinit2.o(.ARM.Collect$$libinit$$00000025)
    .ARM.Collect$$libinit$$0000002C          0x000000c6   Section        0  libinit2.o(.ARM.Collect$$libinit$$0000002C)
    .ARM.Collect$$libinit$$0000002E          0x000000c6   Section        0  libinit2.o(.ARM.Collect$$libinit$$0000002E)
    .ARM.Collect$$libinit$$00000030          0x000000c6   Section        0  libinit2.o(.ARM.Collect$$libinit$$00000030)
    .ARM.Collect$$libinit$$00000032          0x000000c6   Section        0  libinit2.o(.ARM.Collect$$libinit$$00000032)
    .ARM.Collect$$libinit$$00000033          0x000000c6   Section        2  libinit2.o(.ARM.Collect$$libinit$$00000033)
    .ARM.Collect$$libshutdown$$00000000      0x000000c8   Section        2  libshutdown.o(.ARM.Collect$$libshutdown$$00000000)
    .ARM.Collect$$libshutdown$$00000002      0x000000ca   Section        0  libshutdown2.o(.ARM.Collect$$libshutdown$$00000002)
    .ARM.Collect$$libshutdown$$00000004      0x000000ca   Section        0  libshutdown2.o(.ARM.Collect$$libshutdown$$00000004)
    .ARM.Collect$$libshutdown$$00000006      0x000000ca   Section        0  libshutdown2.o(.ARM.Collect$$libshutdown$$00000006)
    .ARM.Collect$$libshutdown$$00000009      0x000000ca   Section        0  libshutdown2.o(.ARM.Collect$$libshutdown$$00000009)
    .ARM.Collect$$libshutdown$$0000000C      0x000000ca   Section        0  libshutdown2.o(.ARM.Collect$$libshutdown$$0000000C)
    .ARM.Collect$$libshutdown$$0000000E      0x000000ca   Section        0  libshutdown2.o(.ARM.Collect$$libshutdown$$0000000E)
    .ARM.Collect$$libshutdown$$00000011      0x000000ca   Section        0  libshutdown2.o(.ARM.Collect$$libshutdown$$00000011)
    .ARM.Collect$$libshutdown$$00000012      0x000000ca   Section        2  libshutdown2.o(.ARM.Collect$$libshutdown$$00000012)
    .ARM.Collect$$rtentry$$00000000          0x000000cc   Section        0  __rtentry.o(.ARM.Collect$$rtentry$$00000000)
    .ARM.Collect$$rtentry$$00000002          0x000000cc   Section        0  __rtentry2.o(.ARM.Collect$$rtentry$$00000002)
    .ARM.Collect$$rtentry$$00000004          0x000000cc   Section        6  __rtentry4.o(.ARM.Collect$$rtentry$$00000004)
    .ARM.Collect$$rtentry$$00000009          0x000000d2   Section        0  __rtentry2.o(.ARM.Collect$$rtentry$$00000009)
    .ARM.Collect$$rtentry$$0000000A          0x000000d2   Section        4  __rtentry2.o(.ARM.Collect$$rtentry$$0000000A)
    .ARM.Collect$$rtentry$$0000000C          0x000000d6   Section        0  __rtentry2.o(.ARM.Collect$$rtentry$$0000000C)
    .ARM.Collect$$rtentry$$0000000D          0x000000d6   Section        8  __rtentry2.o(.ARM.Collect$$rtentry$$0000000D)
    .ARM.Collect$$rtexit$$00000000           0x000000de   Section        2  rtexit.o(.ARM.Collect$$rtexit$$00000000)
    .ARM.Collect$$rtexit$$00000002           0x000000e0   Section        0  rtexit2.o(.ARM.Collect$$rtexit$$00000002)
    .ARM.Collect$$rtexit$$00000003           0x000000e0   Section        4  rtexit2.o(.ARM.Collect$$rtexit$$00000003)
    .ARM.Collect$$rtexit$$00000004           0x000000e4   Section        6  rtexit2.o(.ARM.Collect$$rtexit$$00000004)
    .text                                    0x000000ec   Section      148  startup_cm3ds.o(.text)
    .text                                    0x00000180   Section        0  noretval__2printf.o(.text)
    .text                                    0x00000198   Section        0  heapauxi.o(.text)
    .text                                    0x000001a0   Section        0  _printf_char_file.o(.text)
    .text                                    0x000001c4   Section        0  _printf_char_common.o(.text)
    _printf_input_char                       0x000001c5   Thumb Code    10  _printf_char_common.o(.text)
    .text                                    0x000001f4   Section       74  sys_stackheap_outer.o(.text)
    .text                                    0x0000023e   Section        0  __printf_nopercent.o(.text)
    .text                                    0x00000266   Section        0  exit.o(.text)
    .text                                    0x00000278   Section        8  libspace.o(.text)
    i.BusFaultHandler                        0x00000280   Section        0  handler.o(i.BusFaultHandler)
    i.DebugMonHandler                        0x00000282   Section        0  handler.o(i.DebugMonHandler)
    i.EXTIX_Init                             0x00000284   Section        0  gpio.o(i.EXTIX_Init)
    i.GPIOHandler                            0x000002a8   Section        0  handler.o(i.GPIOHandler)
    i.GPIO_init                              0x000005d4   Section        0  gpio.o(i.GPIO_init)
    i.GPIO_input                             0x000005fa   Section        0  gpio.o(i.GPIO_input)
    i.GPIO_output                            0x0000060a   Section        0  gpio.o(i.GPIO_output)
    i.HardFaultHandler                       0x00000638   Section        0  handler.o(i.HardFaultHandler)
    i.LCD_Address_Set                        0x00000650   Section        0  lcd.o(i.LCD_Address_Set)
    i.LCD_Clear                              0x000006aa   Section        0  lcd.o(i.LCD_Clear)
    i.LCD_DrawLine                           0x000006de   Section        0  lcd.o(i.LCD_DrawLine)
    i.LCD_DrawPoint                          0x00000784   Section        0  lcd.o(i.LCD_DrawPoint)
    i.LCD_DrawRectangle                      0x000007a0   Section        0  lcd.o(i.LCD_DrawRectangle)
    i.LCD_ShowChinese32x32                   0x000007ec   Section        0  lcd.o(i.LCD_ShowChinese32x32)
    i.LCD_ShowPicture                        0x00000878   Section        0  lcd.o(i.LCD_ShowPicture)
    i.LCD_Show_ASCII                         0x00000954   Section        0  lcd.o(i.LCD_Show_ASCII)
    i.LCD_WR_DATA                            0x00000a5c   Section        0  lcd.o(i.LCD_WR_DATA)
    i.LCD_WR_DATA8                           0x00000a80   Section        0  lcd.o(i.LCD_WR_DATA8)
    i.LCD_WR_REG                             0x00000a94   Section        0  lcd.o(i.LCD_WR_REG)
    i.LCD_Writ_Bus                           0x00000aa8   Section        0  lcd.o(i.LCD_Writ_Bus)
    i.LCD_clear_item                         0x00000ae8   Section        0  lcd.o(i.LCD_clear_item)
    i.LCD_show_arrow                         0x00000b2c   Section        0  lcd.o(i.LCD_show_arrow)
    i.LCD_show_item                          0x00000bc0   Section        0  lcd.o(i.LCD_show_item)
    i.LCD_show_sys_set                       0x00000c74   Section        0  lcd.o(i.LCD_show_sys_set)
    i.LCD_show_ui01                          0x00000dd0   Section        0  lcd.o(i.LCD_show_ui01)
    i.LCD_show_ui02                          0x00000e54   Section        0  lcd.o(i.LCD_show_ui02)
    i.LCD_show_ui03                          0x00000eec   Section        0  lcd.o(i.LCD_show_ui03)
    i.Lcd_Init                               0x00001030   Section        0  lcd.o(i.Lcd_Init)
    i.MemManageHandler                       0x000011f6   Section        0  handler.o(i.MemManageHandler)
    i.NMIHandler                             0x000011f8   Section        0  handler.o(i.NMIHandler)
    i.NVIC_Init                              0x000011fc   Section        0  misc.o(i.NVIC_Init)
    i.NVIC_PriorityGroupConfig               0x0000126c   Section        0  misc.o(i.NVIC_PriorityGroupConfig)
    i.PendSVHandler                          0x00001280   Section        0  handler.o(i.PendSVHandler)
    i.SVCHandler                             0x00001282   Section        0  handler.o(i.SVCHandler)
    i.SmartCamera_get_info                   0x00001284   Section        0  smartcamera.o(i.SmartCamera_get_info)
    i.SmartCamera_init                       0x000012d0   Section        0  smartcamera.o(i.SmartCamera_init)
    i.SmartCamera_reset                      0x000012f4   Section        0  smartcamera.o(i.SmartCamera_reset)
    i.SmartCamera_send_SYN                   0x00001308   Section        0  smartcamera.o(i.SmartCamera_send_SYN)
    i.SysTickHandler                         0x0000131c   Section        0  handler.o(i.SysTickHandler)
    i.SystemInit                             0x00001320   Section        0  system.o(i.SystemInit)
    i.UARTOVRHandler                         0x00001354   Section        0  handler.o(i.UARTOVRHandler)
    i.UARTRXHandler                          0x00001356   Section        0  handler.o(i.UARTRXHandler)
    i.UARTTXHandler                          0x00001358   Section        0  handler.o(i.UARTTXHandler)
    i.UsageFaultHandler                      0x0000135a   Section        0  handler.o(i.UsageFaultHandler)
    i._sys_exit                              0x0000135c   Section        0  retarget.o(i._sys_exit)
    i.delay                                  0x00001360   Section        0  delay.o(i.delay)
    i.delay_ms                               0x00001384   Section        0  delay.o(i.delay_ms)
    i.ferror                                 0x00001398   Section        0  retarget.o(i.ferror)
    i.fputc                                  0x000013a0   Section        0  retarget.o(i.fputc)
    i.main                                   0x000013c0   Section        0  main.o(i.main)
    i.uart_SendChar                          0x00001aec   Section        0  cortexm3_driver.o(i.uart_SendChar)
    i.uart_init                              0x00001b00   Section        0  cortexm3_driver.o(i.uart_init)
    .constdata                               0x00001b58   Section    10072  lcd.o(.constdata)
    .data                                    0x20000000   Section       13  main.o(.data)
    .data                                    0x2000000d   Section        3  handler.o(.data)
    .data                                    0x20000010   Section        8  retarget.o(.data)
    .data                                    0x20000018   Section        4  system.o(.data)
    .bss                                     0x2000001c   Section       96  libspace.o(.bss)
    HEAP                                     0x20000080   Section    20480  startup_cm3ds.o(HEAP)
    Heap_Mem                                 0x20000080   Data       20480  startup_cm3ds.o(HEAP)
    STACK                                    0x20005080   Section    20480  startup_cm3ds.o(STACK)
    Stack_Mem                                0x20005080   Data       20480  startup_cm3ds.o(STACK)
    __initial_sp                             0x2000a080   Data           0  startup_cm3ds.o(STACK)

    Global Symbols

    Symbol Name                              Value     Ov Type        Size  Object(Section)

    BuildAttributes$$THM_ISAv4$P$D$K$B$S$PE$A:L22UL41UL21$X:L11$S22US41US21$IEEE1$IW$USESV6$~STKCKD$USESV7$~SHL$OSPACE$ROPI$EBA8$UX$STANDARDLIB$REQ8$PRES8$EABIv2 0x00000000   Number         0  anon$$obj.o ABSOLUTE
    __ARM_use_no_argv                        0x00000000   Number         0  main.o ABSOLUTE
    __Vectors                                0x00000000   Data           4  startup_cm3ds.o(RESET)
    __ARM_exceptions_init                     - Undefined Weak Reference
    __alloca_initialize                       - Undefined Weak Reference
    __arm_fini_                               - Undefined Weak Reference
    __arm_preinit_                            - Undefined Weak Reference
    __cpp_initialize__aeabi_                  - Undefined Weak Reference
    __cxa_finalize                            - Undefined Weak Reference
    __rt_locale                               - Undefined Weak Reference
    __sigvec_lookup                           - Undefined Weak Reference
    _atexit_init                              - Undefined Weak Reference
    _call_atexit_fns                          - Undefined Weak Reference
    _clock_init                               - Undefined Weak Reference
    _fp_trap_init                             - Undefined Weak Reference
    _fp_trap_shutdown                         - Undefined Weak Reference
    _get_lc_collate                           - Undefined Weak Reference
    _get_lc_ctype                             - Undefined Weak Reference
    _get_lc_monetary                          - Undefined Weak Reference
    _get_lc_numeric                           - Undefined Weak Reference
    _get_lc_time                              - Undefined Weak Reference
    _getenv_init                              - Undefined Weak Reference
    _handle_redirection                       - Undefined Weak Reference
    _init_alloc                               - Undefined Weak Reference
    _init_user_alloc                          - Undefined Weak Reference
    _initio                                   - Undefined Weak Reference
    _rand_init                                - Undefined Weak Reference
    _signal_finish                            - Undefined Weak Reference
    _signal_init                              - Undefined Weak Reference
    _terminate_alloc                          - Undefined Weak Reference
    _terminate_user_alloc                     - Undefined Weak Reference
    _terminateio                              - Undefined Weak Reference
    __Vectors_End                            0x00000050   Data           0  startup_cm3ds.o(RESET)
    __Vectors_Size                           0x00000050   Number         0  startup_cm3ds.o ABSOLUTE
    __main                                   0x00000051   Thumb Code     8  __main.o(!!!main)
    __scatterload                            0x00000059   Thumb Code     0  __scatter.o(!!!scatter)
    __scatterload_rt2                        0x00000059   Thumb Code    44  __scatter.o(!!!scatter)
    __scatterload_rt2_thumb_only             0x00000059   Thumb Code     0  __scatter.o(!!!scatter)
    __scatterload_null                       0x00000067   Thumb Code     0  __scatter.o(!!!scatter)
    __scatterload_copy                       0x0000008d   Thumb Code    26  __scatter_copy.o(!!handler_copy)
    __scatterload_zeroinit                   0x000000a9   Thumb Code    28  __scatter_zi.o(!!handler_zi)
    __rt_lib_init                            0x000000c5   Thumb Code     0  libinit.o(.ARM.Collect$$libinit$$00000000)
    __rt_lib_init_alloca_1                   0x000000c7   Thumb Code     0  libinit2.o(.ARM.Collect$$libinit$$0000002E)
    __rt_lib_init_argv_1                     0x000000c7   Thumb Code     0  libinit2.o(.ARM.Collect$$libinit$$0000002C)
    __rt_lib_init_atexit_1                   0x000000c7   Thumb Code     0  libinit2.o(.ARM.Collect$$libinit$$0000001B)
    __rt_lib_init_clock_1                    0x000000c7   Thumb Code     0  libinit2.o(.ARM.Collect$$libinit$$00000021)
    __rt_lib_init_cpp_1                      0x000000c7   Thumb Code     0  libinit2.o(.ARM.Collect$$libinit$$00000032)
    __rt_lib_init_exceptions_1               0x000000c7   Thumb Code     0  libinit2.o(.ARM.Collect$$libinit$$00000030)
    __rt_lib_init_fp_1                       0x000000c7   Thumb Code     0  libinit2.o(.ARM.Collect$$libinit$$00000002)
    __rt_lib_init_fp_trap_1                  0x000000c7   Thumb Code     0  libinit2.o(.ARM.Collect$$libinit$$0000001F)
    __rt_lib_init_getenv_1                   0x000000c7   Thumb Code     0  libinit2.o(.ARM.Collect$$libinit$$00000023)
    __rt_lib_init_heap_1                     0x000000c7   Thumb Code     0  libinit2.o(.ARM.Collect$$libinit$$0000000A)
    __rt_lib_init_lc_collate_1               0x000000c7   Thumb Code     0  libinit2.o(.ARM.Collect$$libinit$$00000011)
    __rt_lib_init_lc_ctype_1                 0x000000c7   Thumb Code     0  libinit2.o(.ARM.Collect$$libinit$$00000013)
    __rt_lib_init_lc_monetary_1              0x000000c7   Thumb Code     0  libinit2.o(.ARM.Collect$$libinit$$00000015)
    __rt_lib_init_lc_numeric_1               0x000000c7   Thumb Code     0  libinit2.o(.ARM.Collect$$libinit$$00000017)
    __rt_lib_init_lc_time_1                  0x000000c7   Thumb Code     0  libinit2.o(.ARM.Collect$$libinit$$00000019)
    __rt_lib_init_preinit_1                  0x000000c7   Thumb Code     0  libinit2.o(.ARM.Collect$$libinit$$00000004)
    __rt_lib_init_rand_1                     0x000000c7   Thumb Code     0  libinit2.o(.ARM.Collect$$libinit$$0000000E)
    __rt_lib_init_return                     0x000000c7   Thumb Code     0  libinit2.o(.ARM.Collect$$libinit$$00000033)
    __rt_lib_init_signal_1                   0x000000c7   Thumb Code     0  libinit2.o(.ARM.Collect$$libinit$$0000001D)
    __rt_lib_init_stdio_1                    0x000000c7   Thumb Code     0  libinit2.o(.ARM.Collect$$libinit$$00000025)
    __rt_lib_init_user_alloc_1               0x000000c7   Thumb Code     0  libinit2.o(.ARM.Collect$$libinit$$0000000C)
    __rt_lib_shutdown                        0x000000c9   Thumb Code     0  libshutdown.o(.ARM.Collect$$libshutdown$$00000000)
    __rt_lib_shutdown_cpp_1                  0x000000cb   Thumb Code     0  libshutdown2.o(.ARM.Collect$$libshutdown$$00000004)
    __rt_lib_shutdown_fini_1                 0x000000cb   Thumb Code     0  libshutdown2.o(.ARM.Collect$$libshutdown$$00000002)
    __rt_lib_shutdown_fp_trap_1              0x000000cb   Thumb Code     0  libshutdown2.o(.ARM.Collect$$libshutdown$$00000009)
    __rt_lib_shutdown_heap_1                 0x000000cb   Thumb Code     0  libshutdown2.o(.ARM.Collect$$libshutdown$$00000011)
    __rt_lib_shutdown_return                 0x000000cb   Thumb Code     0  libshutdown2.o(.ARM.Collect$$libshutdown$$00000012)
    __rt_lib_shutdown_signal_1               0x000000cb   Thumb Code     0  libshutdown2.o(.ARM.Collect$$libshutdown$$0000000C)
    __rt_lib_shutdown_stdio_1                0x000000cb   Thumb Code     0  libshutdown2.o(.ARM.Collect$$libshutdown$$00000006)
    __rt_lib_shutdown_user_alloc_1           0x000000cb   Thumb Code     0  libshutdown2.o(.ARM.Collect$$libshutdown$$0000000E)
    __rt_entry                               0x000000cd   Thumb Code     0  __rtentry.o(.ARM.Collect$$rtentry$$00000000)
    __rt_entry_presh_1                       0x000000cd   Thumb Code     0  __rtentry2.o(.ARM.Collect$$rtentry$$00000002)
    __rt_entry_sh                            0x000000cd   Thumb Code     0  __rtentry4.o(.ARM.Collect$$rtentry$$00000004)
    __rt_entry_li                            0x000000d3   Thumb Code     0  __rtentry2.o(.ARM.Collect$$rtentry$$0000000A)
    __rt_entry_postsh_1                      0x000000d3   Thumb Code     0  __rtentry2.o(.ARM.Collect$$rtentry$$00000009)
    __rt_entry_main                          0x000000d7   Thumb Code     0  __rtentry2.o(.ARM.Collect$$rtentry$$0000000D)
    __rt_entry_postli_1                      0x000000d7   Thumb Code     0  __rtentry2.o(.ARM.Collect$$rtentry$$0000000C)
    __rt_exit                                0x000000df   Thumb Code     0  rtexit.o(.ARM.Collect$$rtexit$$00000000)
    __rt_exit_ls                             0x000000e1   Thumb Code     0  rtexit2.o(.ARM.Collect$$rtexit$$00000003)
    __rt_exit_prels_1                        0x000000e1   Thumb Code     0  rtexit2.o(.ARM.Collect$$rtexit$$00000002)
    __rt_exit_exit                           0x000000e5   Thumb Code     0  rtexit2.o(.ARM.Collect$$rtexit$$00000004)
    Reset_Handler                            0x000000ed   Thumb Code     8  startup_cm3ds.o(.text)
    NMI_Handler                              0x000000f5   Thumb Code     8  startup_cm3ds.o(.text)
    HardFault_Handler                        0x000000fd   Thumb Code     8  startup_cm3ds.o(.text)
    MemManage_Handler                        0x00000105   Thumb Code     8  startup_cm3ds.o(.text)
    BusFault_Handler                         0x0000010d   Thumb Code     8  startup_cm3ds.o(.text)
    UsageFault_Handler                       0x00000115   Thumb Code     8  startup_cm3ds.o(.text)
    SVC_Handler                              0x0000011d   Thumb Code     8  startup_cm3ds.o(.text)
    DebugMon_Handler                         0x00000125   Thumb Code     8  startup_cm3ds.o(.text)
    PendSV_Handler                           0x0000012d   Thumb Code     8  startup_cm3ds.o(.text)
    SysTick_Handler                          0x00000135   Thumb Code     8  startup_cm3ds.o(.text)
    UARTRX_Handler                           0x0000013d   Thumb Code     8  startup_cm3ds.o(.text)
    UARTTX_Handler                           0x00000145   Thumb Code     8  startup_cm3ds.o(.text)
    UARTOVR_Handler                          0x0000014d   Thumb Code     8  startup_cm3ds.o(.text)
    EXTI0_IRQHandler                         0x00000155   Thumb Code     8  startup_cm3ds.o(.text)
    __user_initial_stackheap                 0x0000015d   Thumb Code    10  startup_cm3ds.o(.text)
    __2printf                                0x00000181   Thumb Code    20  noretval__2printf.o(.text)
    __use_two_region_memory                  0x00000199   Thumb Code     2  heapauxi.o(.text)
    __rt_heap_escrow$2region                 0x0000019b   Thumb Code     2  heapauxi.o(.text)
    __rt_heap_expand$2region                 0x0000019d   Thumb Code     2  heapauxi.o(.text)
    _printf_char_file                        0x000001a1   Thumb Code    32  _printf_char_file.o(.text)
    _printf_char_common                      0x000001cf   Thumb Code    32  _printf_char_common.o(.text)
    __user_setup_stackheap                   0x000001f5   Thumb Code    74  sys_stackheap_outer.o(.text)
    __printf                                 0x0000023f   Thumb Code    40  __printf_nopercent.o(.text)
    exit                                     0x00000267   Thumb Code    18  exit.o(.text)
    __user_libspace                          0x00000279   Thumb Code     8  libspace.o(.text)
    __user_perproc_libspace                  0x00000279   Thumb Code     0  libspace.o(.text)
    __user_perthread_libspace                0x00000279   Thumb Code     0  libspace.o(.text)
    BusFaultHandler                          0x00000281   Thumb Code     2  handler.o(i.BusFaultHandler)
    DebugMonHandler                          0x00000283   Thumb Code     2  handler.o(i.DebugMonHandler)
    EXTIX_Init                               0x00000285   Thumb Code    34  gpio.o(i.EXTIX_Init)
    GPIOHandler                              0x000002a9   Thumb Code   782  handler.o(i.GPIOHandler)
    GPIO_init                                0x000005d5   Thumb Code    38  gpio.o(i.GPIO_init)
    GPIO_input                               0x000005fb   Thumb Code    16  gpio.o(i.GPIO_input)
    GPIO_output                              0x0000060b   Thumb Code    46  gpio.o(i.GPIO_output)
    HardFaultHandler                         0x00000639   Thumb Code    10  handler.o(i.HardFaultHandler)
    LCD_Address_Set                          0x00000651   Thumb Code    90  lcd.o(i.LCD_Address_Set)
    LCD_Clear                                0x000006ab   Thumb Code    52  lcd.o(i.LCD_Clear)
    LCD_DrawLine                             0x000006df   Thumb Code   166  lcd.o(i.LCD_DrawLine)
    LCD_DrawPoint                            0x00000785   Thumb Code    28  lcd.o(i.LCD_DrawPoint)
    LCD_DrawRectangle                        0x000007a1   Thumb Code    74  lcd.o(i.LCD_DrawRectangle)
    LCD_ShowChinese32x32                     0x000007ed   Thumb Code   130  lcd.o(i.LCD_ShowChinese32x32)
    LCD_ShowPicture                          0x00000879   Thumb Code   210  lcd.o(i.LCD_ShowPicture)
    LCD_Show_ASCII                           0x00000955   Thumb Code   256  lcd.o(i.LCD_Show_ASCII)
    LCD_WR_DATA                              0x00000a5d   Thumb Code    36  lcd.o(i.LCD_WR_DATA)
    LCD_WR_DATA8                             0x00000a81   Thumb Code    20  lcd.o(i.LCD_WR_DATA8)
    LCD_WR_REG                               0x00000a95   Thumb Code    20  lcd.o(i.LCD_WR_REG)
    LCD_Writ_Bus                             0x00000aa9   Thumb Code    62  lcd.o(i.LCD_Writ_Bus)
    LCD_clear_item                           0x00000ae9   Thumb Code    38  lcd.o(i.LCD_clear_item)
    LCD_show_arrow                           0x00000b2d   Thumb Code   136  lcd.o(i.LCD_show_arrow)
    LCD_show_item                            0x00000bc1   Thumb Code   100  lcd.o(i.LCD_show_item)
    LCD_show_sys_set                         0x00000c75   Thumb Code   346  lcd.o(i.LCD_show_sys_set)
    LCD_show_ui01                            0x00000dd1   Thumb Code    86  lcd.o(i.LCD_show_ui01)
    LCD_show_ui02                            0x00000e55   Thumb Code   104  lcd.o(i.LCD_show_ui02)
    LCD_show_ui03                            0x00000eed   Thumb Code   134  lcd.o(i.LCD_show_ui03)
    Lcd_Init                                 0x00001031   Thumb Code   454  lcd.o(i.Lcd_Init)
    MemManageHandler                         0x000011f7   Thumb Code     2  handler.o(i.MemManageHandler)
    NMIHandler                               0x000011f9   Thumb Code     2  handler.o(i.NMIHandler)
    NVIC_Init                                0x000011fd   Thumb Code   100  misc.o(i.NVIC_Init)
    NVIC_PriorityGroupConfig                 0x0000126d   Thumb Code    10  misc.o(i.NVIC_PriorityGroupConfig)
    PendSVHandler                            0x00001281   Thumb Code     2  handler.o(i.PendSVHandler)
    SVCHandler                               0x00001283   Thumb Code     2  handler.o(i.SVCHandler)
    SmartCamera_get_info                     0x00001285   Thumb Code    70  smartcamera.o(i.SmartCamera_get_info)
    SmartCamera_init                         0x000012d1   Thumb Code    24  smartcamera.o(i.SmartCamera_init)
    SmartCamera_reset                        0x000012f5   Thumb Code    14  smartcamera.o(i.SmartCamera_reset)
    SmartCamera_send_SYN                     0x00001309   Thumb Code    14  smartcamera.o(i.SmartCamera_send_SYN)
    SysTickHandler                           0x0000131d   Thumb Code     2  handler.o(i.SysTickHandler)
    SystemInit                               0x00001321   Thumb Code    44  system.o(i.SystemInit)
    UARTOVRHandler                           0x00001355   Thumb Code     2  handler.o(i.UARTOVRHandler)
    UARTRXHandler                            0x00001357   Thumb Code     2  handler.o(i.UARTRXHandler)
    UARTTXHandler                            0x00001359   Thumb Code     2  handler.o(i.UARTTXHandler)
    UsageFaultHandler                        0x0000135b   Thumb Code     2  handler.o(i.UsageFaultHandler)
    _sys_exit                                0x0000135d   Thumb Code     4  retarget.o(i._sys_exit)
    delay                                    0x00001361   Thumb Code    36  delay.o(i.delay)
    delay_ms                                 0x00001385   Thumb Code    20  delay.o(i.delay_ms)
    ferror                                   0x00001399   Thumb Code     8  retarget.o(i.ferror)
    fputc                                    0x000013a1   Thumb Code    32  retarget.o(i.fputc)
    main                                     0x000013c1   Thumb Code  1818  main.o(i.main)
    uart_SendChar                            0x00001aed   Thumb Code    20  cortexm3_driver.o(i.uart_SendChar)
    uart_init                                0x00001b01   Thumb Code    88  cortexm3_driver.o(i.uart_init)
    Hzk24                                    0x00001b58   Data         504  lcd.o(.constdata)
    ASCII_num                                0x00001d50   Data        1088  lcd.o(.constdata)
    Title                                    0x00002190   Data        1280  lcd.o(.constdata)
    gImage_78                                0x00002690   Data        7200  lcd.o(.constdata)
    Region$$Table$$Base                      0x000042b0   Number         0  anon$$obj.o(Region$$Table)
    Region$$Table$$Limit                     0x000042d0   Number         0  anon$$obj.o(Region$$Table)
    num                                      0x20000000   Data           5  main.o(.data)
    value                                    0x20000008   Data           4  main.o(.data)
    LED_model                                0x2000000c   Data           1  main.o(.data)
    ui_id                                    0x2000000d   Data           1  handler.o(.data)
    arrow                                    0x2000000e   Data           1  handler.o(.data)
    LCD_show_ui00                            0x2000000f   Data           1  handler.o(.data)
    __stdout                                 0x20000010   Data           4  retarget.o(.data)
    __stdin                                  0x20000014   Data           4  retarget.o(.data)
    SystemCoreClock                          0x20000018   Data           4  system.o(.data)
    __libspace_start                         0x2000001c   Data          96  libspace.o(.bss)
    __temporary_stack_top$libspace           0x2000007c   Data           0  libspace.o(.bss)



==============================================================================

Memory Map of the image

  Image Entry point : 0x00000051

  Load Region LR_IROM1 (Base: 0x00000000, Size: 0x000042ec, Max: 0x00010000, ABSOLUTE)

    Execution Region ER_IROM1 (Exec base: 0x00000000, Load base: 0x00000000, Size: 0x000042d0, Max: 0x00010000, ABSOLUTE)

    Exec Addr    Load Addr    Size         Type   Attr      Idx    E Section Name        Object

    0x00000000   0x00000000   0x00000050   Data   RO          338    RESET               startup_cm3ds.o
    0x00000050   0x00000050   0x00000008   Code   RO          640  * !!!main             c_w.l(__main.o)
    0x00000058   0x00000058   0x00000034   Code   RO          801    !!!scatter          c_w.l(__scatter.o)
    0x0000008c   0x0000008c   0x0000001a   Code   RO          803    !!handler_copy      c_w.l(__scatter_copy.o)
    0x000000a6   0x000000a6   0x00000002   PAD
    0x000000a8   0x000000a8   0x0000001c   Code   RO          805    !!handler_zi        c_w.l(__scatter_zi.o)
    0x000000c4   0x000000c4   0x00000002   Code   RO          673    .ARM.Collect$$libinit$$00000000  c_w.l(libinit.o)
    0x000000c6   0x000000c6   0x00000000   Code   RO          680    .ARM.Collect$$libinit$$00000002  c_w.l(libinit2.o)
    0x000000c6   0x000000c6   0x00000000   Code   RO          682    .ARM.Collect$$libinit$$00000004  c_w.l(libinit2.o)
    0x000000c6   0x000000c6   0x00000000   Code   RO          685    .ARM.Collect$$libinit$$0000000A  c_w.l(libinit2.o)
    0x000000c6   0x000000c6   0x00000000   Code   RO          687    .ARM.Collect$$libinit$$0000000C  c_w.l(libinit2.o)
    0x000000c6   0x000000c6   0x00000000   Code   RO          689    .ARM.Collect$$libinit$$0000000E  c_w.l(libinit2.o)
    0x000000c6   0x000000c6   0x00000000   Code   RO          692    .ARM.Collect$$libinit$$00000011  c_w.l(libinit2.o)
    0x000000c6   0x000000c6   0x00000000   Code   RO          694    .ARM.Collect$$libinit$$00000013  c_w.l(libinit2.o)
    0x000000c6   0x000000c6   0x00000000   Code   RO          696    .ARM.Collect$$libinit$$00000015  c_w.l(libinit2.o)
    0x000000c6   0x000000c6   0x00000000   Code   RO          698    .ARM.Collect$$libinit$$00000017  c_w.l(libinit2.o)
    0x000000c6   0x000000c6   0x00000000   Code   RO          700    .ARM.Collect$$libinit$$00000019  c_w.l(libinit2.o)
    0x000000c6   0x000000c6   0x00000000   Code   RO          702    .ARM.Collect$$libinit$$0000001B  c_w.l(libinit2.o)
    0x000000c6   0x000000c6   0x00000000   Code   RO          704    .ARM.Collect$$libinit$$0000001D  c_w.l(libinit2.o)
    0x000000c6   0x000000c6   0x00000000   Code   RO          706    .ARM.Collect$$libinit$$0000001F  c_w.l(libinit2.o)
    0x000000c6   0x000000c6   0x00000000   Code   RO          708    .ARM.Collect$$libinit$$00000021  c_w.l(libinit2.o)
    0x000000c6   0x000000c6   0x00000000   Code   RO          710    .ARM.Collect$$libinit$$00000023  c_w.l(libinit2.o)
    0x000000c6   0x000000c6   0x00000000   Code   RO          712    .ARM.Collect$$libinit$$00000025  c_w.l(libinit2.o)
    0x000000c6   0x000000c6   0x00000000   Code   RO          716    .ARM.Collect$$libinit$$0000002C  c_w.l(libinit2.o)
    0x000000c6   0x000000c6   0x00000000   Code   RO          718    .ARM.Collect$$libinit$$0000002E  c_w.l(libinit2.o)
    0x000000c6   0x000000c6   0x00000000   Code   RO          720    .ARM.Collect$$libinit$$00000030  c_w.l(libinit2.o)
    0x000000c6   0x000000c6   0x00000000   Code   RO          722    .ARM.Collect$$libinit$$00000032  c_w.l(libinit2.o)
    0x000000c6   0x000000c6   0x00000002   Code   RO          723    .ARM.Collect$$libinit$$00000033  c_w.l(libinit2.o)
    0x000000c8   0x000000c8   0x00000002   Code   RO          741    .ARM.Collect$$libshutdown$$00000000  c_w.l(libshutdown.o)
    0x000000ca   0x000000ca   0x00000000   Code   RO          751    .ARM.Collect$$libshutdown$$00000002  c_w.l(libshutdown2.o)
    0x000000ca   0x000000ca   0x00000000   Code   RO          753    .ARM.Collect$$libshutdown$$00000004  c_w.l(libshutdown2.o)
    0x000000ca   0x000000ca   0x00000000   Code   RO          755    .ARM.Collect$$libshutdown$$00000006  c_w.l(libshutdown2.o)
    0x000000ca   0x000000ca   0x00000000   Code   RO          758    .ARM.Collect$$libshutdown$$00000009  c_w.l(libshutdown2.o)
    0x000000ca   0x000000ca   0x00000000   Code   RO          761    .ARM.Collect$$libshutdown$$0000000C  c_w.l(libshutdown2.o)
    0x000000ca   0x000000ca   0x00000000   Code   RO          763    .ARM.Collect$$libshutdown$$0000000E  c_w.l(libshutdown2.o)
    0x000000ca   0x000000ca   0x00000000   Code   RO          766    .ARM.Collect$$libshutdown$$00000011  c_w.l(libshutdown2.o)
    0x000000ca   0x000000ca   0x00000002   Code   RO          767    .ARM.Collect$$libshutdown$$00000012  c_w.l(libshutdown2.o)
    0x000000cc   0x000000cc   0x00000000   Code   RO          642    .ARM.Collect$$rtentry$$00000000  c_w.l(__rtentry.o)
    0x000000cc   0x000000cc   0x00000000   Code   RO          646    .ARM.Collect$$rtentry$$00000002  c_w.l(__rtentry2.o)
    0x000000cc   0x000000cc   0x00000006   Code   RO          658    .ARM.Collect$$rtentry$$00000004  c_w.l(__rtentry4.o)
    0x000000d2   0x000000d2   0x00000000   Code   RO          648    .ARM.Collect$$rtentry$$00000009  c_w.l(__rtentry2.o)
    0x000000d2   0x000000d2   0x00000004   Code   RO          649    .ARM.Collect$$rtentry$$0000000A  c_w.l(__rtentry2.o)
    0x000000d6   0x000000d6   0x00000000   Code   RO          651    .ARM.Collect$$rtentry$$0000000C  c_w.l(__rtentry2.o)
    0x000000d6   0x000000d6   0x00000008   Code   RO          652    .ARM.Collect$$rtentry$$0000000D  c_w.l(__rtentry2.o)
    0x000000de   0x000000de   0x00000002   Code   RO          677    .ARM.Collect$$rtexit$$00000000  c_w.l(rtexit.o)
    0x000000e0   0x000000e0   0x00000000   Code   RO          725    .ARM.Collect$$rtexit$$00000002  c_w.l(rtexit2.o)
    0x000000e0   0x000000e0   0x00000004   Code   RO          726    .ARM.Collect$$rtexit$$00000003  c_w.l(rtexit2.o)
    0x000000e4   0x000000e4   0x00000006   Code   RO          727    .ARM.Collect$$rtexit$$00000004  c_w.l(rtexit2.o)
    0x000000ea   0x000000ea   0x00000002   PAD
    0x000000ec   0x000000ec   0x00000094   Code   RO          339    .text               startup_cm3ds.o
    0x00000180   0x00000180   0x00000018   Code   RO          634    .text               c_w.l(noretval__2printf.o)
    0x00000198   0x00000198   0x00000006   Code   RO          638    .text               c_w.l(heapauxi.o)
    0x0000019e   0x0000019e   0x00000002   PAD
    0x000001a0   0x000001a0   0x00000024   Code   RO          643    .text               c_w.l(_printf_char_file.o)
    0x000001c4   0x000001c4   0x00000030   Code   RO          660    .text               c_w.l(_printf_char_common.o)
    0x000001f4   0x000001f4   0x0000004a   Code   RO          662    .text               c_w.l(sys_stackheap_outer.o)
    0x0000023e   0x0000023e   0x00000028   Code   RO          664    .text               c_w.l(__printf_nopercent.o)
    0x00000266   0x00000266   0x00000012   Code   RO          666    .text               c_w.l(exit.o)
    0x00000278   0x00000278   0x00000008   Code   RO          674    .text               c_w.l(libspace.o)
    0x00000280   0x00000280   0x00000002   Code   RO          161    i.BusFaultHandler   handler.o
    0x00000282   0x00000282   0x00000002   Code   RO          162    i.DebugMonHandler   handler.o
    0x00000284   0x00000284   0x00000022   Code   RO          345    i.EXTIX_Init        gpio.o
    0x000002a6   0x000002a6   0x00000002   PAD
    0x000002a8   0x000002a8   0x0000032c   Code   RO          163    i.GPIOHandler       handler.o
    0x000005d4   0x000005d4   0x00000026   Code   RO          346    i.GPIO_init         gpio.o
    0x000005fa   0x000005fa   0x00000010   Code   RO          347    i.GPIO_input        gpio.o
    0x0000060a   0x0000060a   0x0000002e   Code   RO          348    i.GPIO_output       gpio.o
    0x00000638   0x00000638   0x00000018   Code   RO          164    i.HardFaultHandler  handler.o
    0x00000650   0x00000650   0x0000005a   Code   RO          443    i.LCD_Address_Set   lcd.o
    0x000006aa   0x000006aa   0x00000034   Code   RO          444    i.LCD_Clear         lcd.o
    0x000006de   0x000006de   0x000000a6   Code   RO          445    i.LCD_DrawLine      lcd.o
    0x00000784   0x00000784   0x0000001c   Code   RO          446    i.LCD_DrawPoint     lcd.o
    0x000007a0   0x000007a0   0x0000004a   Code   RO          447    i.LCD_DrawRectangle  lcd.o
    0x000007ea   0x000007ea   0x00000002   PAD
    0x000007ec   0x000007ec   0x0000008c   Code   RO          449    i.LCD_ShowChinese32x32  lcd.o
    0x00000878   0x00000878   0x000000dc   Code   RO          450    i.LCD_ShowPicture   lcd.o
    0x00000954   0x00000954   0x00000108   Code   RO          451    i.LCD_Show_ASCII    lcd.o
    0x00000a5c   0x00000a5c   0x00000024   Code   RO          452    i.LCD_WR_DATA       lcd.o
    0x00000a80   0x00000a80   0x00000014   Code   RO          453    i.LCD_WR_DATA8      lcd.o
    0x00000a94   0x00000a94   0x00000014   Code   RO          454    i.LCD_WR_REG        lcd.o
    0x00000aa8   0x00000aa8   0x0000003e   Code   RO          455    i.LCD_Writ_Bus      lcd.o
    0x00000ae6   0x00000ae6   0x00000002   PAD
    0x00000ae8   0x00000ae8   0x00000044   Code   RO          456    i.LCD_clear_item    lcd.o
    0x00000b2c   0x00000b2c   0x00000094   Code   RO          457    i.LCD_show_arrow    lcd.o
    0x00000bc0   0x00000bc0   0x000000b4   Code   RO          458    i.LCD_show_item     lcd.o
    0x00000c74   0x00000c74   0x0000015a   Code   RO          459    i.LCD_show_sys_set  lcd.o
    0x00000dce   0x00000dce   0x00000002   PAD
    0x00000dd0   0x00000dd0   0x00000084   Code   RO          460    i.LCD_show_ui01     lcd.o
    0x00000e54   0x00000e54   0x00000098   Code   RO          461    i.LCD_show_ui02     lcd.o
    0x00000eec   0x00000eec   0x00000144   Code   RO          462    i.LCD_show_ui03     lcd.o
    0x00001030   0x00001030   0x000001c6   Code   RO          463    i.Lcd_Init          lcd.o
    0x000011f6   0x000011f6   0x00000002   Code   RO          165    i.MemManageHandler  handler.o
    0x000011f8   0x000011f8   0x00000002   Code   RO          166    i.NMIHandler        handler.o
    0x000011fa   0x000011fa   0x00000002   PAD
    0x000011fc   0x000011fc   0x00000070   Code   RO          594    i.NVIC_Init         misc.o
    0x0000126c   0x0000126c   0x00000014   Code   RO          595    i.NVIC_PriorityGroupConfig  misc.o
    0x00001280   0x00001280   0x00000002   Code   RO          167    i.PendSVHandler     handler.o
    0x00001282   0x00001282   0x00000002   Code   RO          168    i.SVCHandler        handler.o
    0x00001284   0x00001284   0x0000004c   Code   RO          401    i.SmartCamera_get_info  smartcamera.o
    0x000012d0   0x000012d0   0x00000024   Code   RO          402    i.SmartCamera_init  smartcamera.o
    0x000012f4   0x000012f4   0x00000014   Code   RO          403    i.SmartCamera_reset  smartcamera.o
    0x00001308   0x00001308   0x00000014   Code   RO          404    i.SmartCamera_send_SYN  smartcamera.o
    0x0000131c   0x0000131c   0x00000002   Code   RO          169    i.SysTickHandler    handler.o
    0x0000131e   0x0000131e   0x00000002   PAD
    0x00001320   0x00001320   0x00000034   Code   RO          310    i.SystemInit        system.o
    0x00001354   0x00001354   0x00000002   Code   RO          170    i.UARTOVRHandler    handler.o
    0x00001356   0x00001356   0x00000002   Code   RO          171    i.UARTRXHandler     handler.o
    0x00001358   0x00001358   0x00000002   Code   RO          172    i.UARTTXHandler     handler.o
    0x0000135a   0x0000135a   0x00000002   Code   RO          173    i.UsageFaultHandler  handler.o
    0x0000135c   0x0000135c   0x00000004   Code   RO          257    i._sys_exit         retarget.o
    0x00001360   0x00001360   0x00000024   Code   RO          381    i.delay             delay.o
    0x00001384   0x00001384   0x00000014   Code   RO          382    i.delay_ms          delay.o
    0x00001398   0x00001398   0x00000008   Code   RO          259    i.ferror            retarget.o
    0x000013a0   0x000013a0   0x00000020   Code   RO          261    i.fputc             retarget.o
    0x000013c0   0x000013c0   0x0000072c   Code   RO            3    i.main              main.o
    0x00001aec   0x00001aec   0x00000014   Code   RO           76    i.uart_SendChar     cortexm3_driver.o
    0x00001b00   0x00001b00   0x00000058   Code   RO           78    i.uart_init         cortexm3_driver.o
    0x00001b58   0x00001b58   0x00002758   Data   RO          464    .constdata          lcd.o
    0x000042b0   0x000042b0   0x00000020   Data   RO          799    Region$$Table       anon$$obj.o


    Execution Region RW_IRAM1 (Exec base: 0x20000000, Load base: 0x000042d0, Size: 0x0000a080, Max: 0x00010000, ABSOLUTE)

    Exec Addr    Load Addr    Size         Type   Attr      Idx    E Section Name        Object

    0x20000000   0x000042d0   0x0000000d   Data   RW            4    .data               main.o
    0x2000000d   0x000042dd   0x00000003   Data   RW          174    .data               handler.o
    0x20000010   0x000042e0   0x00000008   Data   RW          262    .data               retarget.o
    0x20000018   0x000042e8   0x00000004   Data   RW          311    .data               system.o
    0x2000001c        -       0x00000060   Zero   RW          675    .bss                c_w.l(libspace.o)
    0x2000007c   0x000042ec   0x00000004   PAD
    0x20000080        -       0x00005000   Zero   RW          337    HEAP                startup_cm3ds.o
    0x20005080        -       0x00005000   Zero   RW          336    STACK               startup_cm3ds.o


==============================================================================

Image component sizes


      Code (inc. data)   RO Data    RW Data    ZI Data      Debug   Object Name

       108          0          0          0          0       1796   cortexm3_driver.o
        56          0          0          0          0        991   delay.o
       134          0          0          0          0       1832   gpio.o
       858         44          0          3          0       6056   handler.o
      2976        434      10072          0          0      13211   lcd.o
      1836         94          0         13          0      10037   main.o
       132         22          0          0          0       1415   misc.o
        44          0          0          8          0       3261   retarget.o
       152         30          0          0          0       1889   smartcamera.o
       148         26         80          0      40960        996   startup_cm3ds.o
        52          8          0          4          0        651   system.o

    ----------------------------------------------------------------------
      6508        658      10184         28      40960      42135   Object Totals
         0          0         32          0          0          0   (incl. Generated)
        12          0          0          0          0          0   (incl. Padding)

    ----------------------------------------------------------------------

      Code (inc. data)   RO Data    RW Data    ZI Data      Debug   Library Member Name

         8          0          0          0          0         68   __main.o
        40          0          0          0          0         84   __printf_nopercent.o
         0          0          0          0          0          0   __rtentry.o
        12          0          0          0          0          0   __rtentry2.o
         6          0          0          0          0          0   __rtentry4.o
        52          8          0          0          0          0   __scatter.o
        26          0          0          0          0          0   __scatter_copy.o
        28          0          0          0          0          0   __scatter_zi.o
        48          6          0          0          0         96   _printf_char_common.o
        36          4          0          0          0         80   _printf_char_file.o
        18          0          0          0          0         80   exit.o
         6          0          0          0          0        152   heapauxi.o
         2          0          0          0          0          0   libinit.o
         2          0          0          0          0          0   libinit2.o
         2          0          0          0          0          0   libshutdown.o
         2          0          0          0          0          0   libshutdown2.o
         8          4          0          0         96         68   libspace.o
        24          4          0          0          0         84   noretval__2printf.o
         2          0          0          0          0          0   rtexit.o
        10          0          0          0          0          0   rtexit2.o
        74          0          0          0          0         80   sys_stackheap_outer.o

    ----------------------------------------------------------------------
       412         26          0          0        100        792   Library Totals
         6          0          0          0          4          0   (incl. Padding)

    ----------------------------------------------------------------------

      Code (inc. data)   RO Data    RW Data    ZI Data      Debug   Library Name

       406         26          0          0         96        792   c_w.l

    ----------------------------------------------------------------------
       412         26          0          0        100        792   Library Totals

    ----------------------------------------------------------------------

==============================================================================


      Code (inc. data)   RO Data    RW Data    ZI Data      Debug   

      6920        684      10184         28      41060      40219   Grand Totals
      6920        684      10184         28      41060      40219   ELF Image Totals
      6920        684      10184         28          0          0   ROM Totals

==============================================================================

    Total RO  Size (Code + RO Data)                17104 (  16.70kB)
    Total RW  Size (RW Data + ZI Data)             41088 (  40.13kB)
    Total ROM Size (Code + RO Data + RW Data)      17132 (  16.73kB)

==============================================================================

